// Jest Snapshot v1, https://goo.gl/fbAQLP

exports[`Wrap should match snapshot 1`] = `
<View
  pointerEvents="box-none"
  style={
    Object {
      "flex": 1,
    }
  }
>
  <View
    collapsable={true}
    pointerEvents="box-none"
    style={
      Object {
        "flex": 1,
      }
    }
  >
    <View
      pointerEvents="auto"
      style={
        Object {
          "flex": 1,
        }
      }
    >
      <View />
    </View>
  </View>
</View>
`;
